// Jest Snapshot v1, https://goo.gl/fbAQLP

exports[`TodoApp should match snapshoot 1`] = `
<div>
  <h1>
    TodoApp (
    0
    )
  </h1>
  <hr />
  <div
    className="row"
  >
    <div
      className="col-7"
    >
      <TodoList
        deleteTodo={[Function]}
        handleToggle={[Function]}
        todos={Array []}
      />
    </div>
    <div
      className="col-5"
    >
      <AddTodo
        addTodo={[Function]}
      />
    </div>
  </div>
</div>
`;
